[alphafloris.webflow.io/corporate.html]
[backblue.gif]
[fade.gif]
[index.html]
[assets.website-files.com/5d48378fbaced7a2a7d6b013/css/alphafloris.webflow.0dd590fa2.min.css]
[ajax.googleapis.com/ajax/libs/webfont/1.6.26/webfont.js]
[assets.website-files.com/5d48378fbaced7a2a7d6b013/5f0dc53e0da52e0e044c0301_favicon.png]
[assets.website-files.com/5d48378fbaced7a2a7d6b013/5f0dc54dbb986248fb6570a8_webclip.png]
[assets.website-files.com/5d48378fbaced7a2a7d6b013/5d6440ac346aae25077e7089_logo-white.svg]
[alphafloris.webflow.io/index.html]
[assets.website-files.com/5d48378fbaced7a2a7d6b013/5d67dbfdec501a4242c963f6_logo-w-small.svg]
[alphafloris.webflow.io/about.html]
[alphafloris.webflow.io/weddings.html]
[alphafloris.webflow.io/gallery.html]
[alphafloris.webflow.io/contact.html]
[assets.website-files.com/5d48378fbaced7a2a7d6b013/5d492fb179c91244ed7309a8_logo.svg]
[assets.website-files.com/5d48378fbaced7a2a7d6b013/5d6062d544a280afa47750d9_logo-sm.svg]
[d3e54v103j8qbb.cloudfront.net/js/jquery-3.5.1.min.dc5e7f18c8fae4.js]
[alphafloris.webflow.io/corporate.html]
[assets.website-files.com/5d48378fbaced7a2a7d6b013/js/webflow.fbf900af4.js]
[assets.website-files.com/5d48378fbaced7a2a7d6b013/5f0b321046d614486ccc22be_quote.svg]
[alphafloris.webflow.io/index.html]
[alphafloris.webflow.io/about.html]
[alphafloris.webflow.io/weddings.html]
[fonts.googleapis.com/index.html]
[alphafloris.webflow.io/gallery.html]
[assets.website-files.com/5d48378fbaced7a2a7d6b013/5d504cd08e83096ab875385b_twitter.svg]
[assets.website-files.com/5d48378fbaced7a2a7d6b013/5d504ccfc90ca7da23cf4dc2_instagram.svg]
[alphafloris.webflow.io/contact.html]
[assets.website-files.com/5d48378fbaced7a2a7d6b013/5d504ccf493b05134f317352_pinterest.svg]
[fonts.googleapis.com/index.html]
[fonts.gstatic.com/index.html]
[alphafloris.webflow.io/anniversaries]
[alphafloris.webflow.io/gallery7db7]
[alphafloris.webflow.io/styleguide]
[alphafloris.webflow.io/licenses]
[alphafloris.webflow.io/gallery5dce]
[alphafloris.webflow.io/weddings/kimberly-tim]
[alphafloris.webflow.io/_https_/assets.website-files.com/5d4f079d326ec17deb4387ee/5d6e79ba55251a871c616228_img-11.jpg_]
[alphafloris.webflow.io/weddings/catlyn-jack]
[alphafloris.webflow.io/_https_/assets.website-files.com/5d4f079d326ec17deb4387ee/5d6e78c506a7eae9d51961c3_img-4.jpg_]
[alphafloris.webflow.io/weddings/anita-greg]
[alphafloris.webflow.io/_https_/assets.website-files.com/5d4f079d326ec17deb4387ee/5d6e7f601fcdd460eda79356_img-24.jpg_]
[alphafloris.webflow.io/corporate/choppy-foundation]
[alphafloris.webflow.io/_https_/assets.website-files.com/5d4f079d326ec17deb4387ee/5d725dc6f0cb54465b290a7a_candles-catering-celebration-265920.jpg_]
[alphafloris.webflow.io/corporate/beverly-weekend]
[alphafloris.webflow.io/_https_/assets.website-files.com/5d4f079d326ec17deb4387ee/5d725dde7e4c793245a79f3e_catering-celebration-chairs-50675.jpg_]
[alphafloris.webflow.io/corporate/fantasy-hills]
[alphafloris.webflow.io/_https_/assets.website-files.com/5d4f079d326ec17deb4387ee/5d725e13013e4ad9d220e2a3_candles-catering-chairs-2306282.jpg_]
[alphafloris.webflow.io/anniversary/60th-birthday-bash]
[alphafloris.webflow.io/_https_/assets.website-files.com/5d4f079d326ec17deb4387ee/5d7260f1013e4a126020f4e9_siora-photography-LSNtAwBzRoo-unsplash (1]
[alphafloris.webflow.io/anniversary/wild-west]
[alphafloris.webflow.io/_https_/assets.website-files.com/5d4f079d326ec17deb4387ee/5d725ea3013e4a126120e501_cake-2.jpg_]
[alphafloris.webflow.io/anniversary/happy-4th-of-july]
[alphafloris.webflow.io/_https_/assets.website-files.com/5d4f079d326ec17deb4387ee/5d725e8f7e4c795c43a7a1df_cake-1.jpg_]
[assets.website-files.com/5d48378fbaced7a2a7d6b013/5f1889814db54c54ce84efff_weddings.jpg]
[d3e54v103j8qbb.cloudfront.net/js/jquery-3.5.1.min.dc5e7f18c8fae4.js]
[assets.website-files.com/5d48378fbaced7a2a7d6b013/css/alphafloris.webflow.0dd590fa2.min.css]
[assets.website-files.com/5d48378fbaced7a2a7d6b013/5d6440ac346aae25077e7089_logo-white.svg]
[assets.website-files.com/5d48378fbaced7a2a7d6b013/5d67dbfdec501a4242c963f6_logo-w-small.svg]
[assets.website-files.com/5d48378fbaced7a2a7d6b013/5d644041f9dc900e4ddc4738_down-arrow-white.svg]
[assets.website-files.com/5d48378fbaced7a2a7d6b013/5d602f2ba7638fe14b52f75a_down-arrow.svg]
[assets.website-files.com/5d48378fbaced7a2a7d6b013/5d492fb179c91244ed7309a8_logo.svg]
[assets.website-files.com/5d48378fbaced7a2a7d6b013/5d6062d544a280afa47750d9_logo-sm.svg]
[assets.website-files.com/5d48378fbaced7a2a7d6b013/5f0b321046d614486ccc22be_quote.svg]
[assets.website-files.com/5d48378fbaced7a2a7d6b013/5d504ccf3691c96a7fe2e721_facebook.svg]
[assets.website-files.com/5d48378fbaced7a2a7d6b013/5d504cd08e83096ab875385b_twitter.svg]
[assets.website-files.com/5d48378fbaced7a2a7d6b013/5d504ccfc90ca7da23cf4dc2_instagram.svg]
[assets.website-files.com/5d48378fbaced7a2a7d6b013/5d504ccf493b05134f317352_pinterest.svg]
[ajax.googleapis.com/ajax/libs/webfont/1.6.26/webfont.js]
